PASS   allpaths     r=0.9948 ratio=0.999 cells=9216 clip=0 levers=ok
PASS   arnold       r=0.9999 ratio=1 cells=9185 clip=31 levers=ok
PASS   bifurc       r=0.9978 ratio=1.003 cells=9186 clip=30 levers=ok
PASS   buddha       r=1 ratio=1 cells=9216 clip=0 levers=ok
PASS   bulb         r=0.9802 ratio=0.998 cells=9216 clip=0 levers=ok
PASS   caustic      r=1 ratio=1 cells=9216 clip=0 levers=ok
PASS   chladni      r=1 ratio=1 cells=9212 clip=4 levers=ok
PASS   collatz      r=0.9969 ratio=1.003 cells=9214 clip=2 levers=ok
PASS   conoscope    r=0.9997 ratio=1.001 cells=9215 clip=1 levers=ok
PASS   critical     r=0.9982 ratio=0.999 cells=9216 clip=0 levers=ok
PASS   cursum       r=1 ratio=1 cells=9189 clip=27 levers=ok
PASS   curves       r=0.9996 ratio=0.997 cells=9154 clip=62 levers=ok
PASS   dipole       r=0.9929 ratio=0.996 cells=9216 clip=0 levers=ok
PASS   domain       r=0.9997 ratio=1 cells=9208 clip=8 levers=ok
PASS   e8           r=0.9981 ratio=0.998 cells=9216 clip=0 levers=ok
PASS   elliptic     r=0.9997 ratio=0.999 cells=9192 clip=24 levers=ok
PASS   flows        r=0.9992 ratio=1.001 cells=9216 clip=0 levers=ok
PASS   ford         r=0.9996 ratio=1.005 cells=9191 clip=25 levers=ok
PASS   gibbs        r=1 ratio=1 cells=9164 clip=52 levers=ok
PASS   halo         r=0.991 ratio=0.998 cells=9216 clip=0 levers=ok
PASS   harm         r=0.9987 ratio=1.001 cells=9185 clip=31 levers=ok
PASS   hilbert      r=0.9979 ratio=1.001 cells=9216 clip=0 levers=ok
PASS   hopf         r=1 ratio=1 cells=9144 clip=72 levers=ok
PASS   hyper        r=1 ratio=1 cells=9216 clip=0 levers=ok
PASS   ifs          r=0.9991 ratio=0.998 cells=9205 clip=11 levers=ok
PASS   invjulia     r=0.9996 ratio=0.997 cells=9208 clip=8 levers=ok
PASS   jong         r=0.9974 ratio=0.998 cells=9216 clip=0 levers=ok
PASS   kleinian     r=0.9996 ratio=1.001 cells=9216 clip=0 levers=ok
PASS   logz         r=1 ratio=1 cells=9216 clip=0 levers=ok
PASS   lyap         r=0.9991 ratio=0.999 cells=9216 clip=0 levers=ok
PASS   mand         r=0.9997 ratio=1 cells=9216 clip=0 levers=ok
PASS   mirage       r=1 ratio=1 cells=9216 clip=0 levers=ok
PASS   modmul       r=1 ratio=1 cells=9216 clip=0 levers=ok
PASS   nested       r=0.9985 ratio=0.999 cells=9216 clip=0 levers=ok
PASS   newton       r=0.9998 ratio=1.001 cells=9108 clip=108 levers=ok
PASS   nonorient    r=0.9839 ratio=0.999 cells=9216 clip=0 levers=ok
PASS   orbital      r=0.9934 ratio=1 cells=9216 clip=0 levers=ok
PASS   penrose      r=1 ratio=1 cells=9183 clip=33 levers=ok
PASS   polytope     r=0.9993 ratio=1.002 cells=9211 clip=5 levers=ok
PASS   primes       r=1 ratio=1 cells=9216 clip=0 levers=ok
PASS   qjulia       r=0.9909 ratio=1.002 cells=9216 clip=0 levers=ok
PASS   rainbow      r=0.9905 ratio=0.996 cells=9216 clip=0 levers=ok
PASS   relativity   r=0.9994 ratio=0.999 cells=9202 clip=14 levers=ok
PASS   rmt          r=0.9999 ratio=1 cells=9138 clip=78 levers=ok
PASS   stdmap       r=1 ratio=1 cells=9216 clip=0 levers=ok
PASS   stoch        r=0.9999 ratio=0.999 cells=9129 clip=87 levers=ok
PASS   swallow      r=1 ratio=1 cells=9202 clip=14 levers=ok
PASS   threebody    r=1 ratio=1 cells=9216 clip=0 levers=ok
PASS   tpms         r=0.9913 ratio=1.001 cells=9216 clip=0 levers=ok
PASS   vortex       r=0.9896 ratio=0.994 cells=9216 clip=0 levers=ok
PASS   wave         r=1 ratio=1 cells=9214 clip=2 levers=ok
PASS   wavecat      r=0.9999 ratio=1.001 cells=9216 clip=0 levers=ok
PASS   wpath        r=1 ratio=1 cells=9216 clip=0 levers=ok
PASS   zeta         r=1 ratio=1 cells=9216 clip=0 levers=ok

54/54 PASS  (t=1.3); build/conformance.json written
