PASS   arnold       r=1 ratio=1 cells=9216 clip=0 levers=ok
PASS   bifurc       r=0.998 ratio=1.002 cells=9216 clip=0 levers=ok
PASS   buddha       r=1 ratio=1 cells=9216 clip=0 levers=ok
WARN   bulb         r=0.9602 ratio=0.998 cells=9216 clip=0 levers=ok
PASS   caustic      r=1 ratio=1 cells=9216 clip=0 levers=ok
PASS   chladni      r=1 ratio=1 cells=9216 clip=0 levers=ok
PASS   collatz      r=0.9969 ratio=1.002 cells=9216 clip=0 levers=ok
PASS   critical     r=0.9981 ratio=0.999 cells=9216 clip=0 levers=ok
PASS   cursum       r=1 ratio=1 cells=9216 clip=0 levers=ok
PASS   dipole       r=0.9928 ratio=0.996 cells=9216 clip=0 levers=ok
PASS   domain       r=0.9998 ratio=1 cells=9216 clip=0 levers=ok
PASS   gibbs        r=1 ratio=1 cells=9216 clip=0 levers=ok
PASS   harm         r=0.9994 ratio=1.001 cells=9216 clip=0 levers=ok
PASS   hopf         r=1 ratio=1 cells=9216 clip=0 levers=ok
PASS   ifs          r=0.9991 ratio=0.998 cells=9216 clip=0 levers=ok
PASS   invjulia     r=0.9996 ratio=0.998 cells=9216 clip=0 levers=ok
PASS   jong         r=0.9973 ratio=0.998 cells=9216 clip=0 levers=ok
PASS   kleinian     r=0.9996 ratio=1.001 cells=9216 clip=0 levers=ok
PASS   logz         r=1 ratio=1 cells=9216 clip=0 levers=ok
PASS   lyap         r=0.9991 ratio=0.999 cells=9216 clip=0 levers=ok
PASS   mand         r=0.9997 ratio=1 cells=9216 clip=0 levers=ok
PASS   modmul       r=1 ratio=1 cells=9216 clip=0 levers=ok
PASS   nested       r=0.9985 ratio=0.999 cells=9216 clip=0 levers=ok
PASS   newton       r=0.9999 ratio=1 cells=9216 clip=0 levers=ok
PASS   orbital      r=0.9933 ratio=1 cells=9216 clip=0 levers=ok
PASS   penrose      r=1 ratio=1 cells=9216 clip=0 levers=ok
PASS   polytope     r=0.9993 ratio=1.002 cells=9216 clip=0 levers=ok
PASS   primes       r=1 ratio=1 cells=9216 clip=0 levers=ok
PASS   qjulia       r=0.9818 ratio=1.002 cells=9216 clip=0 levers=ok
PASS   rmt          r=0.9999 ratio=0.999 cells=9216 clip=0 levers=ok
PASS   stdmap       r=1 ratio=1 cells=9216 clip=0 levers=ok
PASS   stoch        r=0.9999 ratio=1 cells=9216 clip=0 levers=ok
PASS   tpms         r=0.9912 ratio=1.001 cells=9216 clip=0 levers=ok
PASS   wave         r=1 ratio=1 cells=9216 clip=0 levers=ok
PASS   wpath        r=1 ratio=1 cells=9216 clip=0 levers=ok
PASS   zeta         r=1 ratio=1 cells=9216 clip=0 levers=ok

35/36 PASS  (t=1.3); build/conformance.json written
