g++ -std=c++17 -O2 -Wall -Wextra -Wpedantic -Wshadow -Iinclude -isystem /opt/xilinx/xrt/include -c src/backend_xrt.cpp -o src/backend_xrt.o
ar rcs libcft.a src/bigint.o src/softfloat.o src/device.o src/divsqrt.o src/clause5.o src/chars.o src/augmented.o src/mpfloat.o src/transcend.o src/program.o src/reduce.o src/formatof.o src/conformance.o src/sha256.o src/backend_remote.o src/backend_xrt.o
cc -std=c99 -O2 -Wall -Wextra -Wpedantic -Wshadow -Iinclude -DCFT_ENABLE_XRT -fPIC -fvisibility=hidden  \
	-c src/bigint.c -o src/bigint.lo
cc -std=c99 -O2 -Wall -Wextra -Wpedantic -Wshadow -Iinclude -DCFT_ENABLE_XRT -fPIC -fvisibility=hidden  \
	-c src/softfloat.c -o src/softfloat.lo
cc -std=c99 -O2 -Wall -Wextra -Wpedantic -Wshadow -Iinclude -DCFT_ENABLE_XRT -fPIC -fvisibility=hidden  \
	-c src/device.c -o src/device.lo
cc -std=c99 -O2 -Wall -Wextra -Wpedantic -Wshadow -Iinclude -DCFT_ENABLE_XRT -fPIC -fvisibility=hidden  \
	-c src/divsqrt.c -o src/divsqrt.lo
cc -std=c99 -O2 -Wall -Wextra -Wpedantic -Wshadow -Iinclude -DCFT_ENABLE_XRT -fPIC -fvisibility=hidden  \
	-c src/clause5.c -o src/clause5.lo
cc -std=c99 -O2 -Wall -Wextra -Wpedantic -Wshadow -Iinclude -DCFT_ENABLE_XRT -fPIC -fvisibility=hidden  \
	-c src/chars.c -o src/chars.lo
cc -std=c99 -O2 -Wall -Wextra -Wpedantic -Wshadow -Iinclude -DCFT_ENABLE_XRT -fPIC -fvisibility=hidden  \
	-c src/augmented.c -o src/augmented.lo
cc -std=c99 -O2 -Wall -Wextra -Wpedantic -Wshadow -Iinclude -DCFT_ENABLE_XRT -fPIC -fvisibility=hidden  \
	-c src/mpfloat.c -o src/mpfloat.lo
cc -std=c99 -O2 -Wall -Wextra -Wpedantic -Wshadow -Iinclude -DCFT_ENABLE_XRT -fPIC -fvisibility=hidden  \
	-c src/transcend.c -o src/transcend.lo
cc -std=c99 -O2 -Wall -Wextra -Wpedantic -Wshadow -Iinclude -DCFT_ENABLE_XRT -fPIC -fvisibility=hidden  \
	-c src/program.c -o src/program.lo
cc -std=c99 -O2 -Wall -Wextra -Wpedantic -Wshadow -Iinclude -DCFT_ENABLE_XRT -fPIC -fvisibility=hidden  \
	-c src/reduce.c -o src/reduce.lo
cc -std=c99 -O2 -Wall -Wextra -Wpedantic -Wshadow -Iinclude -DCFT_ENABLE_XRT -fPIC -fvisibility=hidden  \
	-c src/formatof.c -o src/formatof.lo
cc -std=c99 -O2 -Wall -Wextra -Wpedantic -Wshadow -Iinclude -DCFT_ENABLE_XRT -fPIC -fvisibility=hidden  \
	-c src/conformance.c -o src/conformance.lo
cc -std=c99 -O2 -Wall -Wextra -Wpedantic -Wshadow -Iinclude -DCFT_ENABLE_XRT -fPIC -fvisibility=hidden  \
	-c src/sha256.c -o src/sha256.lo
cc -std=c99 -O2 -Wall -Wextra -Wpedantic -Wshadow -Iinclude -DCFT_ENABLE_XRT -fPIC -fvisibility=hidden  \
	-c src/backend_remote.c -o src/backend_remote.lo
g++ -std=c++17 -O2 -Wall -Wextra -Wpedantic -Wshadow -Iinclude -isystem /opt/xilinx/xrt/include -fPIC -fvisibility=hidden  \
	-c src/backend_xrt.cpp -o src/backend_xrt.lo
cc -shared -o libcft.so src/bigint.lo src/softfloat.lo src/device.lo src/divsqrt.lo src/clause5.lo src/chars.lo src/augmented.lo src/mpfloat.lo src/transcend.lo src/program.lo src/reduce.lo src/formatof.lo src/conformance.lo src/sha256.lo src/backend_remote.lo src/backend_xrt.lo -L/opt/xilinx/xrt/lib -lxrt_coreutil -lstdc++ -lpthread -luuid
