=== 2026-09-17T07:13:26-07:00 rate on single --chunks 8
=== 2026-09-17T07:13:26-07:00 rate on single --chunks 8
 |FPGA |35 |
 |Int Vcc |40 |
 Power : 14.978661 Watts
hopf.n1048576                  MATCH    lanes  1048576  words   638  first 0.784 s  median 0.754 s       0.72 us/lane      1390034 lanes/s  | 8 chunks in 1 procs 2.1 s
hopf.n65536                    MATCH    lanes    65536  words   638  first 0.048 s  median 0.047 s       0.72 us/lane      1384570 lanes/s  | 8 chunks in 1 procs 1.2 s
jong.n1048576                  MATCH    lanes  1048576  words   737  first 4.181 s  median 4.154 s       3.96 us/lane       252396 lanes/s  | 8 chunks in 1 procs 6.0 s
jong.n65536                    MATCH    lanes    65536  words   737  first 0.260 s  median 0.260 s       3.97 us/lane       252010 lanes/s  | 8 chunks in 1 procs 1.3 s
mand.n1048576                  MATCH    lanes  1048576  words  1111  first 3.171 s  median 3.142 s       3.00 us/lane       333682 lanes/s  | 8 chunks in 1 procs 5.0 s
mand.n65536                    MATCH    lanes    65536  words  1111  first 0.197 s  median 0.197 s       3.00 us/lane       333203 lanes/s  | 8 chunks in 1 procs 1.1 s
nested.n65536                  MATCH    lanes    65536  words  1401  first 11.230 s  median 11.229 s     171.35 us/lane         5836 lanes/s  | 8 chunks in 1 procs 13.3 s
psf.n1048576                   MATCH    lanes  1048576  words   185  first 0.296 s  median 0.279 s       0.27 us/lane      3752504 lanes/s  | 8 chunks in 1 procs 1.1 s
psf.n65536                     MATCH    lanes    65536  words   185  first 0.018 s  median 0.018 s       0.27 us/lane      3723607 lanes/s  | 8 chunks in 1 procs 0.7 s
starfield.n65536               MATCH    lanes    65536  words  5475  first 0.384 s  median 0.384 s       5.85 us/lane       170797 lanes/s  | 8 chunks in 1 procs 1.2 s
stdmap.n65536                  MATCH    lanes    65536  words   912  first 6.255 s  median 6.255 s      95.44 us/lane        10478 lanes/s  | 8 chunks in 1 procs 7.7 s
cft_program_run_ex: timed out: the compute unit did not complete a program (state 8) - the compute unit may still be active, so this handle is finished; close and reopen it (STATUS clean, so this is a hang or a genuinely long program rather than a bus fault)
RATE_EXIT=1
 |FPGA |35 |
 |Int Vcc |40 |
 Power : 15.709990 Watts
=== 2026-09-17T07:16:39-07:00 done
=== 2026-09-17T07:16:39-07:00 rate on quad 
