=== 2026-09-17T07:40:53-07:00 stdmap on the quad (the pass an interrupted stop cut short)
stdmap.n65536                  MATCH    lanes    65536  words   912  first 6.257 s  median 6.255 s      95.44 us/lane        10477 lanes/s
=== 2026-09-17T07:41:12-07:00 allpaths, 1,001 lanes, on single: the run alone, 5 reps
allpaths                       MATCH    lanes     1001  words  1855  first 0.143 s  median 0.143 s     142.47 us/lane         7019 lanes/s
allpaths.levers-7              MATCH    lanes     1001  words  1855  first 0.143 s  median 0.143 s     142.42 us/lane         7021 lanes/s
zeta                           MATCH    lanes     1001  words   746  first 0.016 s  median 0.016 s      16.11 us/lane        62065 lanes/s
hopf                           MATCH    lanes     1001  words   638  first 0.001 s  median 0.001 s       1.04 us/lane       962275 lanes/s
=== 2026-09-17T07:41:19-07:00 allpaths, 1,001 lanes, on quad: the run alone, 5 reps
allpaths                       MATCH    lanes     1001  words  1855  first 0.143 s  median 0.143 s     142.47 us/lane         7019 lanes/s
allpaths.levers-7              MATCH    lanes     1001  words  1855  first 0.143 s  median 0.143 s     142.37 us/lane         7024 lanes/s
zeta                           MATCH    lanes     1001  words   746  first 0.016 s  median 0.016 s      16.08 us/lane        62178 lanes/s
hopf                           MATCH    lanes     1001  words   638  first 0.001 s  median 0.001 s       0.95 us/lane      1047346 lanes/s
=== 2026-09-17T07:41:29-07:00 allpaths through positive-run on single, three times
sha256        fc495534225b9fea12bf4dc351817abf32669fff5993f899478eddc7f8e94f60  deposit buffer wall 3.85 s 
sha256        fc495534225b9fea12bf4dc351817abf32669fff5993f899478eddc7f8e94f60  deposit buffer wall 0.41 s 
sha256        fc495534225b9fea12bf4dc351817abf32669fff5993f899478eddc7f8e94f60  deposit buffer wall 0.25 s 
=== 2026-09-17T07:41:33-07:00 allpaths through positive-run on quad, three times
sha256        fc495534225b9fea12bf4dc351817abf32669fff5993f899478eddc7f8e94f60  deposit buffer wall 7.64 s 
sha256        fc495534225b9fea12bf4dc351817abf32669fff5993f899478eddc7f8e94f60  deposit buffer wall 0.49 s 
sha256        fc495534225b9fea12bf4dc351817abf32669fff5993f899478eddc7f8e94f60  deposit buffer wall 0.33 s 
