=== 2026-09-17T06:53:56-07:00 probes on single
--- r8-strict with positive-run-strict
image         /home/logan/atlas-silicon/set/r8-strict.cftp
format        fp32
instructions  8
constants     0
deposits      4 a lane
elements      1024
device        /home/logan/cardday-round2/cft_hw_single.xclbin
counts        min 4, max 4, total 4096
flags         0x00000000  clean
status        0x00000000
digest        822fba8b4c55dcc66a3d2326f1d2d680a10dc4f28444db87df2f85dd30b9ab3d  program and bank
sha256        addc31b32597fb8a0c057f77fca0c0a7c5fc92489f93d9b059ac379e7c579576  deposit buffer
exit 0
expected status 0x00000020, deposits addc31b32597fb8a0c057f77fca0c0a7c5fc92489f93d9b059ac379e7c579576
--- r8-strict with positive-run
positive-run: header flags 0x00000004: only BANK_EXT and SCRATCH_IO are defined
exit 1
expected status 0x00000020, deposits addc31b32597fb8a0c057f77fca0c0a7c5fc92489f93d9b059ac379e7c579576
--- r8-modulo with positive-run-strict
image         /home/logan/atlas-silicon/set/r8-modulo.cftp
format        fp32
instructions  8
constants     0
deposits      4 a lane
elements      1024
device        /home/logan/cardday-round2/cft_hw_single.xclbin
counts        min 4, max 4, total 4096
flags         0x00000000  clean
status        0x00000000
digest        48be230e762567f91436e6c1ae4161fe351214dd8365a28217f141a55883356b  program and bank
sha256        ce526ce7c9e33726e2400eac2f7f23fb181a76cb5577396e28efb2aabc2b6bab  deposit buffer
exit 0
expected status 0x00000000, deposits ce526ce7c9e33726e2400eac2f7f23fb181a76cb5577396e28efb2aabc2b6bab
--- r8-modulo with positive-run
image         /home/logan/atlas-silicon/set/r8-modulo.cftp
format        fp32
instructions  8
constants     0
deposits      4 a lane
elements      1024
device        /home/logan/cardday-round2/cft_hw_single.xclbin
counts        min 4, max 4, total 4096
flags         0x00000000  clean
status        0x00000000
digest        48be230e762567f91436e6c1ae4161fe351214dd8365a28217f141a55883356b  program and bank
sha256        ce526ce7c9e33726e2400eac2f7f23fb181a76cb5577396e28efb2aabc2b6bab  deposit buffer
exit 0
expected status 0x00000000, deposits ce526ce7c9e33726e2400eac2f7f23fb181a76cb5577396e28efb2aabc2b6bab
=== 2026-09-17T06:53:57-07:00 done
