=== 2026-09-17T07:42:02-07:00 set on sw with strict runner
 |FPGA |28 |
 |Int Vcc |38 |
 Power : 19.967532 Watts
SHA256SUMS: every file matches
allpaths                   MATCH       2.625 s  
allpaths.levers-7          MATCH       2.564 s  
arnold                     MATCH       4.562 s  
arnold.levers-7            MATCH       4.324 s  
bifurc                     MATCH       3.619 s  
bifurc.levers-7            MATCH       3.644 s  
billiards                  MATCH       2.560 s  
billiards.levers-7         MATCH       3.705 s  
breakdown                  MATCH       0.725 s  
breakdown.levers-7         MATCH       0.893 s  
buddha                     MATCH       0.354 s  
buddha.levers-7            MATCH       0.374 s  
bulb                       MATCH       0.548 s  
bulb.levers-7              MATCH       0.749 s  
cascade                    MATCH       6.444 s  
cascade.levers-7           MATCH       3.691 s  
caustic                    MATCH       0.101 s  
caustic.levers-7           MATCH       0.103 s  
chladni                    MATCH       0.058 s  
chladni.levers-7           MATCH       0.058 s  
collatz                    MATCH       1.524 s  
collatz.levers-7           MATCH       1.575 s  
conoscope                  MATCH       0.258 s  
conoscope.levers-7         MATCH       0.262 s  
critical                   MATCH       1.078 s  
critical.levers-7          MATCH       0.939 s  
cursum                     MATCH       2.765 s  
cursum.levers-7            MATCH       1.845 s  
curves                     MATCH       0.133 s  
curves.levers-7            MATCH       0.133 s  
diffract                   MATCH       0.403 s  
diffract.levers-7          MATCH       0.410 s  
dipole                     MATCH       0.202 s  
dipole.levers-7            MATCH       0.158 s  
dissipation                MATCH       0.481 s  
dissipation.levers-7       MATCH       0.432 s  
domain                     MATCH       0.304 s  
domain.levers-7            MATCH       0.301 s  
drainage                   MATCH       0.964 s  
drainage.levers-7          MATCH       0.906 s  
e8                         MATCH       0.315 s  
e8.levers-7                MATCH       0.415 s  
elliptic                   MATCH       0.574 s  
elliptic.levers-7          MATCH       0.477 s  
flows                      MATCH      55.464 s  
flows.levers-7             MATCH      94.187 s  
ford                       MATCH       0.415 s  
ford.levers-7              MATCH       0.431 s  
gibbs                      MATCH       0.459 s  
gibbs.levers-7             MATCH       0.611 s  
halo                       MATCH       0.362 s  
halo.levers-7              MATCH       0.359 s  
harm                       MATCH       0.088 s  
harm.levers-7              MATCH       0.086 s  
hilbert                    MATCH       2.146 s  
hilbert.levers-7           MATCH       2.781 s  
hopf                       MATCH       0.083 s  
hopf.levers-7              MATCH       0.091 s  
hyper                      MATCH       0.370 s  
hyper.levers-7             MATCH       0.373 s  
ifs                        MATCH       0.573 s  
ifs.levers-7               MATCH       0.419 s  
invjulia                   MATCH       0.966 s  
invjulia.levers-7          MATCH       0.788 s  
jong                       MATCH       0.492 s  
jong.levers-7              MATCH       0.687 s  
kleinian                   MATCH       0.587 s  
kleinian.levers-7          MATCH       0.429 s  
logz                       MATCH       0.085 s  
logz.levers-7              MATCH       0.085 s  
lyap                       MATCH       6.549 s  
lyap.levers-7              MATCH       9.380 s  
mand                       MATCH       0.175 s  
mand.levers-7              MATCH       0.145 s  
mirage                     MATCH       4.283 s  
mirage.levers-7            MATCH       0.226 s  
modmul                     MATCH       0.107 s  
modmul.levers-7            MATCH       0.117 s  
nested                     MATCH       3.878 s  
nested.levers-7            MATCH       0.235 s  
newton                     MATCH       0.211 s  
newton.levers-7            MATCH       0.464 s  
nodal                      MATCH       5.250 s  
nodal.levers-7             MATCH       7.370 s  
nonorient                  MATCH       0.095 s  
nonorient.levers-7         MATCH       0.095 s  
orbital                    MATCH       0.152 s  
orbital.levers-7           MATCH       0.159 s  
penrose                    MATCH       0.203 s  
penrose.levers-7           MATCH       0.313 s  
polytope                   MATCH       0.092 s  
polytope.levers-7          MATCH       0.088 s  
primes                     MATCH       0.260 s  
primes.levers-7            MATCH       0.298 s  
psf                        MATCH       0.022 s  
psf.levers-7               MATCH       0.030 s  
qjulia                     MATCH       0.126 s  
qjulia.levers-7            MATCH       0.106 s  
r8-modulo                  MATCH       0.007 s  
r8-strict                  MATCH       0.007 s  
rainbow                    MATCH       0.362 s  
rainbow.levers-7           MATCH       0.373 s  
relativity                 MATCH       3.896 s  
relativity.levers-7        MATCH       3.523 s  
rmt                        MATCH       0.587 s  
rmt.levers-7               MATCH       0.094 s  
rule30                     MATCH      38.603 s  
rule30.levers-7            MATCH     226.873 s  
rulespace                  MATCH     147.779 s  
rulespace.levers-7         MATCH     220.978 s  
starfield                  MATCH       0.623 s  
starfield.levers-7         MATCH       0.603 s  
stdmap                     MATCH      11.031 s  
stdmap.levers-7            MATCH      18.223 s  
stoch                      MATCH       0.257 s  
stoch.levers-7             MATCH       6.228 s  
swallow                    MATCH       0.063 s  
swallow.levers-7           MATCH       0.060 s  
tangle                     MATCH       0.358 s  
tangle.levers-7            MATCH       0.357 s  
threebody                  MATCH     163.958 s  
threebody.levers-7         MATCH     250.369 s  
throughput                 MATCH       1.156 s  
throughput.levers-7        MATCH       1.151 s  
tpms                       MATCH       0.499 s  
tpms.levers-7              MATCH       0.501 s  
universal                  MATCH      37.289 s  
universal.levers-7         MATCH      89.349 s  
vlsi                       MATCH       1.338 s  
vlsi.levers-7              MATCH       1.247 s  
vortex                     MATCH       1.023 s  
vortex.levers-7            MATCH       1.017 s  
wave                       MATCH       0.211 s  
wave.levers-7              MATCH       0.271 s  
wavecat                    MATCH       0.741 s  
wavecat.levers-7           MATCH       3.671 s  
wpath                      MATCH       0.360 s  
wpath.levers-7             MATCH       0.439 s  
zeta                       MATCH       0.943 s  
zeta.levers-7              MATCH       0.692 s  
140 case(s): 140 matched, 0 mismatched, 0 refused by name
RUN_SET_EXIT=0
 |FPGA |33 |
 |Int Vcc |39 |
 Power : 14.898073 Watts
=== 2026-09-17T08:07:02-07:00 done
