=== 2026-09-17T07:07:59-07:00 set on quad with stock runner
 |FPGA |31 |
 |Int Vcc |41 |
 Power : 20.128878 Watts
SHA256SUMS: every file matches
allpaths                   REFUSED     0.003 s  positive-run: header flags 0x00000005: only BANK_EXT and SCRATCH_IO are defined
allpaths.levers-7          REFUSED     0.002 s  positive-run: header flags 0x00000005: only BANK_EXT and SCRATCH_IO are defined
arnold                     MATCH       0.237 s  
arnold.levers-7            MATCH       0.256 s  
bifurc                     MATCH       0.235 s  
bifurc.levers-7            MATCH       0.236 s  
billiards                  REFUSED     0.003 s  positive-run: header flags 0x00000005: only BANK_EXT and SCRATCH_IO are defined
billiards.levers-7         REFUSED     0.003 s  positive-run: header flags 0x00000005: only BANK_EXT and SCRATCH_IO are defined
breakdown                  REFUSED     0.003 s  positive-run: header flags 0x00000005: only BANK_EXT and SCRATCH_IO are defined
breakdown.levers-7         REFUSED     0.003 s  positive-run: header flags 0x00000005: only BANK_EXT and SCRATCH_IO are defined
buddha                     MATCH       0.212 s  
buddha.levers-7            MATCH       0.213 s  
bulb                       MATCH       0.343 s  
bulb.levers-7              MATCH       0.212 s  
cascade                    REFUSED     0.003 s  positive-run: header flags 0x00000005: only BANK_EXT and SCRATCH_IO are defined
cascade.levers-7           REFUSED     0.003 s  positive-run: header flags 0x00000005: only BANK_EXT and SCRATCH_IO are defined
caustic                    MATCH       0.207 s  
caustic.levers-7           MATCH       0.207 s  
chladni                    MATCH       0.199 s  
chladni.levers-7           MATCH       0.406 s  
collatz                    MATCH       0.234 s  
collatz.levers-7           MATCH       0.228 s  
conoscope                  REFUSED     0.003 s  positive-run: header flags 0x00000005: only BANK_EXT and SCRATCH_IO are defined
conoscope.levers-7         REFUSED     0.004 s  positive-run: header flags 0x00000005: only BANK_EXT and SCRATCH_IO are defined
critical                   REFUSED     0.004 s  positive-run: header flags 0x00000005: only BANK_EXT and SCRATCH_IO are defined
critical.levers-7          REFUSED     0.003 s  positive-run: header flags 0x00000005: only BANK_EXT and SCRATCH_IO are defined
cursum                     MATCH       0.256 s  
cursum.levers-7            MATCH       0.232 s  
curves                     MATCH       0.398 s  
curves.levers-7            MATCH       0.201 s  
diffract                   REFUSED     0.003 s  positive-run: header flags 0x00000005: only BANK_EXT and SCRATCH_IO are defined
diffract.levers-7          REFUSED     0.002 s  positive-run: header flags 0x00000005: only BANK_EXT and SCRATCH_IO are defined
dipole                     MATCH       0.199 s  
dipole.levers-7            MATCH       0.208 s  
dissipation                REFUSED     0.004 s  positive-run: header flags 0x00000005: only BANK_EXT and SCRATCH_IO are defined
dissipation.levers-7       REFUSED     0.002 s  positive-run: header flags 0x00000005: only BANK_EXT and SCRATCH_IO are defined
domain                     REFUSED     0.004 s  positive-run: header flags 0x00000005: only BANK_EXT and SCRATCH_IO are defined
domain.levers-7            REFUSED     0.002 s  positive-run: header flags 0x00000005: only BANK_EXT and SCRATCH_IO are defined
drainage                   REFUSED     0.004 s  positive-run: header flags 0x00000005: only BANK_EXT and SCRATCH_IO are defined
drainage.levers-7          REFUSED     0.002 s  positive-run: header flags 0x00000005: only BANK_EXT and SCRATCH_IO are defined
e8                         REFUSED     0.003 s  positive-run: header flags 0x00000005: only BANK_EXT and SCRATCH_IO are defined
e8.levers-7                REFUSED     0.002 s  positive-run: header flags 0x00000005: only BANK_EXT and SCRATCH_IO are defined
elliptic                   REFUSED     0.002 s  positive-run: header flags 0x00000005: only BANK_EXT and SCRATCH_IO are defined
elliptic.levers-7          REFUSED     0.003 s  positive-run: header flags 0x00000005: only BANK_EXT and SCRATCH_IO are defined
flows                      REFUSED     0.002 s  positive-run: header flags 0x00000005: only BANK_EXT and SCRATCH_IO are defined
flows.levers-7             REFUSED     0.002 s  positive-run: header flags 0x00000005: only BANK_EXT and SCRATCH_IO are defined
ford                       REFUSED     0.002 s  positive-run: header flags 0x00000005: only BANK_EXT and SCRATCH_IO are defined
ford.levers-7              REFUSED     0.002 s  positive-run: header flags 0x00000005: only BANK_EXT and SCRATCH_IO are defined
gibbs                      MATCH       0.203 s  
gibbs.levers-7             MATCH       0.379 s  
halo                       MATCH       0.205 s  
halo.levers-7              MATCH       0.212 s  
harm                       MATCH       0.202 s  
harm.levers-7              MATCH       0.201 s  
hilbert                    REFUSED     0.004 s  positive-run: header flags 0x00000005: only BANK_EXT and SCRATCH_IO are defined
hilbert.levers-7           REFUSED     0.004 s  positive-run: header flags 0x00000005: only BANK_EXT and SCRATCH_IO are defined
hopf                       MATCH       0.422 s  
hopf.levers-7              MATCH       0.198 s  
hyper                      MATCH       0.212 s  
hyper.levers-7             MATCH       0.205 s  
ifs                        MATCH       0.207 s  
ifs.levers-7               MATCH       0.435 s  
invjulia                   MATCH       0.214 s  
invjulia.levers-7          MATCH       0.218 s  
jong                       MATCH       0.207 s  
jong.levers-7              MATCH       0.210 s  
kleinian                   MATCH       0.390 s  
kleinian.levers-7          MATCH       0.199 s  
logz                       MATCH       0.207 s  
logz.levers-7              MATCH       0.207 s  
lyap                       MATCH       0.266 s  
lyap.levers-7              MATCH       0.451 s  
mand                       MATCH       0.203 s  
mand.levers-7              MATCH       0.209 s  
mirage                     REFUSED     0.004 s  positive-run: header flags 0x00000005: only BANK_EXT and SCRATCH_IO are defined
mirage.levers-7            REFUSED     0.002 s  positive-run: header flags 0x00000005: only BANK_EXT and SCRATCH_IO are defined
modmul                     MATCH       0.195 s  
modmul.levers-7            MATCH       0.202 s  
nested                     REFUSED     0.004 s  positive-run: header flags 0x00000005: only BANK_EXT and SCRATCH_IO are defined
nested.levers-7            REFUSED     0.002 s  positive-run: header flags 0x00000005: only BANK_EXT and SCRATCH_IO are defined
newton                     MATCH       0.315 s  
newton.levers-7            MATCH       0.209 s  
nodal                      REFUSED     0.004 s  positive-run: header flags 0x00000005: only BANK_EXT and SCRATCH_IO are defined
nodal.levers-7             REFUSED     0.003 s  positive-run: header flags 0x00000005: only BANK_EXT and SCRATCH_IO are defined
nonorient                  MATCH       0.196 s  
nonorient.levers-7         MATCH       0.206 s  
orbital                    MATCH       0.207 s  
orbital.levers-7           MATCH       0.203 s  
penrose                    MATCH       0.216 s  
penrose.levers-7           MATCH       0.219 s  
polytope                   MATCH       0.225 s  
polytope.levers-7          MATCH       0.199 s  
primes                     MATCH       0.419 s  
primes.levers-7            MATCH       0.216 s  
psf                        MATCH       0.205 s  
psf.levers-7               MATCH       0.197 s  
qjulia                     MATCH       0.207 s  
qjulia.levers-7            MATCH       0.427 s  
r8-modulo                  MATCH       0.217 s  
r8-strict                  REFUSED     0.003 s  positive-run: header flags 0x00000004: only BANK_EXT and SCRATCH_IO are defined
rainbow                    REFUSED     0.004 s  positive-run: header flags 0x00000005: only BANK_EXT and SCRATCH_IO are defined
rainbow.levers-7           REFUSED     0.002 s  positive-run: header flags 0x00000005: only BANK_EXT and SCRATCH_IO are defined
relativity                 MATCH       0.304 s  
relativity.levers-7        MATCH       0.284 s  
rmt                        MATCH       0.422 s  
rmt.levers-7               MATCH       0.204 s  
rule30                     REFUSED     0.003 s  positive-run: header flags 0x00000005: only BANK_EXT and SCRATCH_IO are defined
rule30.levers-7            REFUSED     0.003 s  positive-run: header flags 0x00000005: only BANK_EXT and SCRATCH_IO are defined
rulespace                  REFUSED     0.003 s  positive-run: header flags 0x00000005: only BANK_EXT and SCRATCH_IO are defined
rulespace.levers-7         REFUSED     0.004 s  positive-run: header flags 0x00000005: only BANK_EXT and SCRATCH_IO are defined
starfield                  REFUSED     0.004 s  positive-run: header flags 0x00000005: only BANK_EXT and SCRATCH_IO are defined
starfield.levers-7         REFUSED     0.003 s  positive-run: header flags 0x00000005: only BANK_EXT and SCRATCH_IO are defined
stdmap                     MATCH       0.311 s  
stdmap.levers-7            MATCH       0.364 s  
stoch                      REFUSED     0.004 s  positive-run: header flags 0x00000005: only BANK_EXT and SCRATCH_IO are defined
stoch.levers-7             REFUSED     0.003 s  positive-run: header flags 0x00000005: only BANK_EXT and SCRATCH_IO are defined
swallow                    MATCH       0.312 s  
swallow.levers-7           MATCH       0.209 s  
tangle                     REFUSED     0.003 s  positive-run: header flags 0x00000005: only BANK_EXT and SCRATCH_IO are defined
tangle.levers-7            REFUSED     0.004 s  positive-run: header flags 0x00000005: only BANK_EXT and SCRATCH_IO are defined
threebody                  REFUSED     0.002 s  positive-run: header flags 0x00000005: only BANK_EXT and SCRATCH_IO are defined
threebody.levers-7         REFUSED     0.002 s  positive-run: header flags 0x00000005: only BANK_EXT and SCRATCH_IO are defined
throughput                 REFUSED     0.003 s  positive-run: header flags 0x00000005: only BANK_EXT and SCRATCH_IO are defined
throughput.levers-7        REFUSED     0.003 s  positive-run: header flags 0x00000005: only BANK_EXT and SCRATCH_IO are defined
tpms                       REFUSED     0.003 s  positive-run: header flags 0x00000005: only BANK_EXT and SCRATCH_IO are defined
tpms.levers-7              REFUSED     0.003 s  positive-run: header flags 0x00000005: only BANK_EXT and SCRATCH_IO are defined
universal                  REFUSED     0.002 s  positive-run: header flags 0x00000005: only BANK_EXT and SCRATCH_IO are defined
universal.levers-7         REFUSED     0.002 s  positive-run: header flags 0x00000005: only BANK_EXT and SCRATCH_IO are defined
vlsi                       REFUSED     0.004 s  positive-run: header flags 0x00000005: only BANK_EXT and SCRATCH_IO are defined
vlsi.levers-7              REFUSED     0.003 s  positive-run: header flags 0x00000005: only BANK_EXT and SCRATCH_IO are defined
vortex                     REFUSED     0.002 s  positive-run: header flags 0x00000005: only BANK_EXT and SCRATCH_IO are defined
vortex.levers-7            REFUSED     0.003 s  positive-run: header flags 0x00000005: only BANK_EXT and SCRATCH_IO are defined
wave                       MATCH       0.206 s  
wave.levers-7              MATCH       0.213 s  
wavecat                    REFUSED     0.003 s  positive-run: header flags 0x00000005: only BANK_EXT and SCRATCH_IO are defined
wavecat.levers-7           REFUSED     0.002 s  positive-run: header flags 0x00000005: only BANK_EXT and SCRATCH_IO are defined
wpath                      MATCH       0.207 s  
wpath.levers-7             MATCH       0.381 s  
zeta                       MATCH       0.220 s  
zeta.levers-7              MATCH       0.219 s  
140 case(s): 77 matched, 0 mismatched, 63 refused by name
RUN_SET_EXIT=2
 |FPGA |31 |
 |Int Vcc |41 |
 Power : 20.128410 Watts
=== 2026-09-17T07:08:19-07:00 done
